[themecraze.net/demos/html/spring/spring/index.html]
[backblue.gif]
[fade.gif]
[index.html]
[themecraze.net/demos/html/spring/spring/css/bootstrap.css]
[themecraze.net/demos/html/spring/spring/css/style.css]
[themecraze.net/demos/html/spring/spring/images/favicon.png]
[themecraze.net/demos/html/spring/spring/css/responsive.css]
[themecraze.net/demos/html/spring/spring/images/logo.png]
[themecraze.net/demos/html/spring/spring/index-2.html]
[themecraze.net/demos/html/spring/spring/index-3.html]
[themecraze.net/demos/html/spring/spring/index-4.html]
[themecraze.net/demos/html/spring/spring/about.html]
[themecraze.net/demos/html/spring/spring/price.html]
[themecraze.net/demos/html/spring/spring/services.html]
[themecraze.net/demos/html/spring/spring/service-detail.html]
[themecraze.net/demos/html/spring/spring/blog.html]
[themecraze.net/demos/html/spring/spring/blog-single.html]
[themecraze.net/demos/html/spring/spring/contact.html]
[themecraze.net/demos/html/spring/spring/images/background/banner-bg-1.png]
[themecraze.net/demos/html/spring/spring/images/resource/banner-image-1.png]
[themecraze.net/demos/html/spring/spring/images/icons/icon-1.png]
[themecraze.net/demos/html/spring/spring/images/icons/icon-2.png]
[themecraze.net/demos/html/spring/spring/images/icons/icon-3.png]
[themecraze.net/demos/html/spring/spring/images/icons/icon-4.png]
[themecraze.net/demos/html/spring/spring/images/icons/icon-5.png]
[themecraze.net/demos/html/spring/spring/images/icons/icon-6.png]
[themecraze.net/demos/html/spring/spring/images/icons/icon-7.png]
[themecraze.net/demos/html/spring/spring/images/icons/icon-8.png]
[themecraze.net/demos/html/spring/spring/images/resource/featured-image-1.jpg]
[themecraze.net/demos/html/spring/spring/images/icons/icon-9.png]
[themecraze.net/demos/html/spring/spring/images/icons/icon-10.png]
[themecraze.net/demos/html/spring/spring/images/icons/icon-11.png]
[themecraze.net/demos/html/spring/spring/images/icons/icon-12.png]
[themecraze.net/demos/html/spring/spring/images/resource/featured-image-2.jpg]
[themecraze.net/demos/html/spring/spring/images/icons/icon-13.png]
[themecraze.net/demos/html/spring/spring/images/resource/featured-image-3.jpg]
[themecraze.net/demos/html/spring/spring/images/resource/blog-image-1.jpg]
[themecraze.net/demos/html/spring/spring/images/resource/blog-image-2.jpg]
[themecraze.net/demos/html/spring/spring/images/resource/blog-image-3.jpg]
[themecraze.net/demos/html/spring/spring/images/resource/author-thumb-1.jpg]
[themecraze.net/demos/html/spring/spring/images/resource/featured-image-4.png]
[themecraze.net/demos/html/spring/spring/images/footer-logo.png]
[themecraze.net/demos/html/spring/spring/js/jquery.js]
[themecraze.net/demos/html/spring/spring/js/bootstrap.min.js]
[themecraze.net/demos/html/spring/spring/js/pagenav.js]
[themecraze.net/demos/html/spring/spring/js/jquery.scrollTo.js]
[themecraze.net/demos/html/spring/spring/js/jquery.fancybox.pack.js]
[themecraze.net/demos/html/spring/spring/js/owl.js]
[themecraze.net/demos/html/spring/spring/js/wow.js]
[themecraze.net/demos/html/spring/spring/js/validate.js]
[themecraze.net/demos/html/spring/spring/index.html]
[themecraze.net/demos/html/spring/spring/js/script.js]
[themecraze.net/demos/html/spring/spring/fonts/glyphicons-halflings-regular.eot]
[themecraze.net/demos/html/spring/spring/fonts/glyphicons-halflings-regulard41d.eot]
[themecraze.net/demos/html/spring/spring/fonts/glyphicons-halflings-regular.woff2]
[themecraze.net/demos/html/spring/spring/fonts/glyphicons-halflings-regular.woff]
[themecraze.net/demos/html/spring/spring/fonts/glyphicons-halflings-regular.ttf]
[themecraze.net/demos/html/spring/spring/css/bootstrap.css]
[themecraze.net/demos/html/spring/spring/fonts/glyphicons-halflings-regular.svg]
[themecraze.net/demos/html/spring/spring/css/font-awesome.css]
[themecraze.net/demos/html/spring/spring/css/themify-icons.css]
[themecraze.net/demos/html/spring/spring/css/linear-icons.css]
[themecraze.net/demos/html/spring/spring/css/animate.css]
[themecraze.net/demos/html/spring/spring/css/owl.css]
[themecraze.net/demos/html/spring/spring/css/jquery.fancybox.css]
[themecraze.net/demos/html/spring/spring/images/icons/preloader.svg]
[themecraze.net/demos/html/spring/spring/images/background/banner-shape-1.png]
[themecraze.net/demos/html/spring/spring/images/background/banner-shape-2.png]
[themecraze.net/demos/html/spring/spring/images/background/bg-shape-ten.png]
[themecraze.net/demos/html/spring/spring/images/background/bg-shape-one.png]
[themecraze.net/demos/html/spring/spring/images/background/bg-shape-two.png]
[themecraze.net/demos/html/spring/spring/images/background/bg-shape-three.png]
[themecraze.net/demos/html/spring/spring/images/background/bg-shape-four.png]
[themecraze.net/demos/html/spring/spring/images/background/bg-shape-five.png]
[themecraze.net/demos/html/spring/spring/images/icons/icon-select.png]
[themecraze.net/demos/html/spring/spring/images/background/bg-shape-six.png]
[themecraze.net/demos/html/spring/spring/images/icons/icon-quote-1.png]
[themecraze.net/demos/html/spring/spring/images/background/bg-shape-seven.png]
[themecraze.net/demos/html/spring/spring/images/background/bg-shape-eight.png]
[themecraze.net/demos/html/spring/spring/images/background/rigns-bg.png]
[themecraze.net/demos/html/spring/spring/images/background/bg-shape-nine.png]
[themecraze.net/demos/html/spring/spring/images/background/bg-shape-eleven.png]
[themecraze.net/demos/html/spring/spring/images/background/bg-shape-twelve.png]
[themecraze.net/demos/html/spring/spring/images/background/bg-shape-thirteen.png]
[themecraze.net/demos/html/spring/spring/images/background/bg-shape-fourteen.png]
[themecraze.net/demos/html/spring/spring/images/background/bg-shape-sixteen.png]
[themecraze.net/demos/html/spring/spring/images/background/bg-shape-fifteen.png]
[themecraze.net/demos/html/spring/spring/images/icons/separater-icon.png]
[themecraze.net/demos/html/spring/spring/css/style.css]
[themecraze.net/demos/html/spring/spring/css/responsive.css]
[themecraze.net/demos/html/spring/spring/images/background/banner-bg-2.png]
[themecraze.net/demos/html/spring/spring/images/resource/banner-image-2.png]
[themecraze.net/demos/html/spring/spring/images/icons/icon-14.png]
[themecraze.net/demos/html/spring/spring/images/icons/icon-15.png]
[themecraze.net/demos/html/spring/spring/images/icons/icon-16.png]
[themecraze.net/demos/html/spring/spring/images/icons/icon-17.png]
[themecraze.net/demos/html/spring/spring/images/resource/featured-image-5.jpg]
[themecraze.net/demos/html/spring/spring/images/resource/featured-image-6.jpg]
[themecraze.net/demos/html/spring/spring/images/resource/featured-image-7.jpg]
[themecraze.net/demos/html/spring/spring/images/sponsors/1.png]
[themecraze.net/demos/html/spring/spring/images/sponsors/2.png]
[themecraze.net/demos/html/spring/spring/images/sponsors/3.png]
[themecraze.net/demos/html/spring/spring/images/sponsors/4.png]
[themecraze.net/demos/html/spring/spring/index-2.html]
[themecraze.net/demos/html/spring/spring/images/background/banner-bg-3.png]
[themecraze.net/demos/html/spring/spring/images/background/banner-image-1.png]
[themecraze.net/demos/html/spring/spring/images/icons/icon-18.png]
[themecraze.net/demos/html/spring/spring/images/icons/icon-19.png]
[themecraze.net/demos/html/spring/spring/images/icons/icon-20.png]
[themecraze.net/demos/html/spring/spring/images/icons/icon-21.png]
[themecraze.net/demos/html/spring/spring/images/resource/featured-image-8.png]
[themecraze.net/demos/html/spring/spring/images/resource/featured-image-9.png]
[themecraze.net/demos/html/spring/spring/images/resource/featured-image-10.png]
[themecraze.net/demos/html/spring/spring/images/resource/featured-image-11.png]
[themecraze.net/demos/html/spring/spring/images/icons/icon-22.png]
[themecraze.net/demos/html/spring/spring/images/icons/apple-icon.png]
[themecraze.net/demos/html/spring/spring/images/icons/android-icon.png]
[themecraze.net/demos/html/spring/spring/index-3.html]
[themecraze.net/demos/html/spring/spring/images/logo-two.png]
[themecraze.net/demos/html/spring/spring/images/background/banner-bg-4.png]
[themecraze.net/demos/html/spring/spring/images/resource/banner-image-3.png]
[themecraze.net/demos/html/spring/spring/images/icons/icon-23.png]
[themecraze.net/demos/html/spring/spring/images/icons/icon-24.png]
[themecraze.net/demos/html/spring/spring/images/icons/icon-25.png]
[themecraze.net/demos/html/spring/spring/images/icons/icon-26.png]
[themecraze.net/demos/html/spring/spring/images/icons/icon-27.png]
[themecraze.net/demos/html/spring/spring/images/icons/icon-28.png]
[themecraze.net/demos/html/spring/spring/images/resource/big-mac-image.png]
[themecraze.net/demos/html/spring/spring/images/sponsors/5.png]
[themecraze.net/demos/html/spring/spring/images/sponsors/6.png]
[themecraze.net/demos/html/spring/spring/images/resource/featured-image-12.png]
[themecraze.net/demos/html/spring/spring/images/icons/icon-29.png]
[themecraze.net/demos/html/spring/spring/images/icons/icon-30.png]
[themecraze.net/demos/html/spring/spring/images/footer-logo-two.png]
[themecraze.net/demos/html/spring/spring/index-4.html]
[themecraze.net/demos/html/spring/spring/images/resource/team-1.jpg]
[themecraze.net/demos/html/spring/spring/images/resource/team-2.jpg]
[themecraze.net/demos/html/spring/spring/images/resource/team-3.jpg]
[themecraze.net/demos/html/spring/spring/images/resource/team-4.jpg]
[themecraze.net/demos/html/spring/spring/about.html]
[themecraze.net/demos/html/spring/spring/js/appear.js]
[themecraze.net/demos/html/spring/spring/price.html]
[themecraze.net/demos/html/spring/spring/services.html]
[themecraze.net/demos/html/spring/spring/js/map-script.js]
[themecraze.net/demos/html/spring/spring/images/resource/service-1.jpg]
[themecraze.net/demos/html/spring/spring/images/resource/service-2.png]
[themecraze.net/demos/html/spring/spring/images/resource/service-3.jpg]
[themecraze.net/demos/html/spring/spring/service-detail.html]
[themecraze.net/demos/html/spring/spring/images/resource/blog-image-4.jpg]
[themecraze.net/demos/html/spring/spring/images/resource/blog-image-5.jpg]
[themecraze.net/demos/html/spring/spring/images/resource/blog-image-6.jpg]
[themecraze.net/demos/html/spring/spring/images/resource/blog-image-7.jpg]
[themecraze.net/demos/html/spring/spring/images/resource/blog-image-8.jpg]
[themecraze.net/demos/html/spring/spring/images/resource/blog-image-9.jpg]
[themecraze.net/demos/html/spring/spring/images/resource/blog-image-10.jpg]
[themecraze.net/demos/html/spring/spring/images/resource/blog-image-11.jpg]
[themecraze.net/demos/html/spring/spring/images/resource/post-thumb-1.jpg]
[themecraze.net/demos/html/spring/spring/images/resource/post-thumb-2.jpg]
[themecraze.net/demos/html/spring/spring/images/resource/post-thumb-3.jpg]
[themecraze.net/demos/html/spring/spring/images/resource/post-thumb-4.jpg]
[themecraze.net/demos/html/spring/spring/blog.html]
[themecraze.net/demos/html/spring/spring/images/resource/blog-image-12.jpg]
[themecraze.net/demos/html/spring/spring/images/resource/author-thumb-4.jpg]
[themecraze.net/demos/html/spring/spring/images/resource/author-thumb-5.jpg]
[themecraze.net/demos/html/spring/spring/images/resource/author-thumb-6.jpg]
[themecraze.net/demos/html/spring/spring/blog-single.html]
[themecraze.net/demos/html/spring/spring/contact.html]
[themecraze.net/demos/html/spring/spring/js/jquery.js]
[themecraze.net/demos/html/spring/spring/Popover requires tooltip.js]
[themecraze.net/demos/html/spring/spring/js/bootstrap.min.js]
[themecraze.net/demos/html/spring/spring/js/pagenav.js]
[themecraze.net/demos/html/spring/spring/js/jquery.scrollTo.js]
[themecraze.net/demos/html/spring/spring/js/jquery.fancybox.pack.js]
[themecraze.net/demos/html/spring/spring/js/owl.js]
[themecraze.net/demos/html/spring/spring/js/wow.js]
[themecraze.net/demos/html/spring/spring/js/validate.js]
[themecraze.net/demos/html/spring/spring/js/script.js]
[themecraze.net/demos/html/spring/spring/fonts/glyphicons-halflings-regular.svg]
[themecraze.net/demos/html/spring/spring/fonts/fontawesome-webfont3e6e.eot]
[themecraze.net/demos/html/spring/spring/fonts/fontawesome-webfontd41d.eot]
[themecraze.net/demos/html/spring/spring/fonts/fontawesome-webfont3e6e.woff2]
[themecraze.net/demos/html/spring/spring/fonts/fontawesome-webfont3e6e.woff]
[themecraze.net/demos/html/spring/spring/fonts/fontawesome-webfont3e6e.ttf]
[themecraze.net/demos/html/spring/spring/css/font-awesome.css]
[themecraze.net/demos/html/spring/spring/fonts/fontawesome-webfont3e6e.svg]
[themecraze.net/demos/html/spring/spring/fonts/themify9f24.eot]
[themecraze.net/demos/html/spring/spring/fonts/themifyd41d.eot]
[themecraze.net/demos/html/spring/spring/fonts/themify9f24.woff]
[themecraze.net/demos/html/spring/spring/fonts/themify9f24.ttf]
[themecraze.net/demos/html/spring/spring/css/themify-icons.css]
[themecraze.net/demos/html/spring/spring/fonts/themify9f24.svg]
[themecraze.net/demos/html/spring/spring/fonts/Linearicons-Free54e9.eot]
[themecraze.net/demos/html/spring/spring/fonts/Linearicons-Freed41d.eot]
[themecraze.net/demos/html/spring/spring/fonts/Linearicons-Free54e9.woff2]
[themecraze.net/demos/html/spring/spring/fonts/Linearicons-Free54e9.woff]
[themecraze.net/demos/html/spring/spring/fonts/Linearicons-Free54e9.ttf]
[themecraze.net/demos/html/spring/spring/css/linear-icons.css]
[themecraze.net/demos/html/spring/spring/css/animate.css]
[themecraze.net/demos/html/spring/spring/fonts/Linearicons-Free54e9.svg]
[themecraze.net/demos/html/spring/spring/css/owl.video.play.png]
[themecraze.net/demos/html/spring/spring/css/owl.css]
[themecraze.net/demos/html/spring/spring/css/jquery.fancybox.css]
[themecraze.net/demos/html/spring/spring/images/icons/preloader.svg]
[themecraze.net/demos/html/spring/spring/js/appear.js]
[themecraze.net/demos/html/spring/spring/images/icons/map-marker.png]
[themecraze.net/demos/html/spring/spring/js/map-script.js]
[themecraze.net/demos/html/spring/spring/Popover requires tooltip.html]
[themecraze.net/demos/html/spring/spring/fonts/fontawesome-webfont3e6e.svg]
[themecraze.net/demos/html/spring/spring/fonts/themify9f24.svg]
[themecraze.net/demos/html/spring/spring/fonts/Linearicons-Free54e9.svg]
[themecraze.net/demos/html/spring/spring/css/owl.video.play.html]
